2026-08-27T09:14:58.101Z INFO gateway request_id=req-001 route=/health status=200 latency_ms=4
2026-08-27T09:14:58.213Z INFO catalog request_id=req-002 cache=hit status=200 latency_ms=11
2026-08-27T09:14:58.337Z INFO payment request_id=req-003 stage=authorize status=started
2026-08-27T09:14:58.401Z INFO inventory request_id=req-004 reservation=accepted
2026-08-27T09:14:58.466Z INFO payment redis_endpoint=192.0.2.44 redis_pool_in_use=92 redis_pool_capacity=100
2026-08-27T09:14:58.521Z INFO gateway request_id=req-005 route=/catalog status=200 latency_ms=13
2026-08-27T09:14:58.578Z INFO shipping request_id=req-006 quote=ready
2026-08-27T09:14:58.612Z WARN payment redis_pool_in_use=98 redis_pool_capacity=100 redis_pool_available=2
2026-08-27T09:14:58.655Z INFO catalog request_id=req-007 cache=hit status=200 latency_ms=8
2026-08-27T09:14:58.701Z INFO support callback_phone=+1-202-555-0147 status=queued
2026-08-27T09:14:58.744Z INFO payment request_id=req-008 stage=capture status=started
2026-08-27T09:14:58.788Z WARN payment redis_pool_in_use=100 redis_pool_capacity=100 redis_pool_available=0 utilization=100/100
2026-08-27T09:14:58.801Z ERROR payment connection pool exhaustion while acquiring Redis connection wait_ms=251
2026-08-27T09:14:58.814Z WARN payment retry attempt=1 backoff_ms=10 reason=redis_acquire_timeout
2026-08-27T09:14:58.827Z WARN payment retry attempt=2 backoff_ms=20 reason=redis_acquire_timeout
2026-08-27T09:14:58.839Z WARN payment retry attempt=3 backoff_ms=40 reason=redis_acquire_timeout
2026-08-27T09:14:58.851Z ERROR payment retry storm detected retries_per_second=486 queue_depth=711
2026-08-27T09:14:58.863Z ERROR payment request_id=req-009 status=failed error=upstream_timeout
2026-08-27T09:14:58.875Z INFO catalog request_id=req-010 cache=hit status=200 latency_ms=9
2026-08-27T09:14:58.887Z INFO inventory request_id=req-011 reservation=released
2026-08-27T09:14:58.899Z WARN gateway route=/payments status=503 latency_ms=904
2026-08-27T09:14:58.911Z INFO shipping request_id=req-012 quote=ready
2026-08-27T09:14:58.923Z INFO catalog request_id=req-013 cache=hit status=200 latency_ms=7
2026-08-27T09:14:58.935Z INFO gateway request_id=req-014 route=/health status=200 latency_ms=3
2026-08-27T09:14:58.947Z INFO metrics scrape=complete series=842

